*** EVALUATION ***
PROGRAM "ASM_TP_7Segments.abs"

*********************************************************************************************
TARGET SECTION
---------------------------------------------------------------------------------------------
Processor   : Freescale HC08
Memory Model: SMALL
File Format : ELF\DWARF 2.0
Linker      : SmartLinker V-5.0.49 Build 12319, Nov 15 2012

*********************************************************************************************
FILE SECTION
---------------------------------------------------------------------------------------------
MCUinit_asm.obj                         Model: SMALL,         Lang: Assembler
main_asm.obj                            Model: SMALL,         Lang: Assembler

*********************************************************************************************
STARTUP SECTION
---------------------------------------------------------------------------------------------
Entry point: 0xE000 (_Startup)

*********************************************************************************************
SECTION-ALLOCATION SECTION
Section Name                    Size  Type     From       To       Segment
---------------------------------------------------------------------------------------------
.init                            112     R     0xE000     0xE06F   ROM
MCUinit_asm__ORG00001              1     R     0xFFBD     0xFFBD   .absSeg0
MCUinit_asm__ORG00002              1     R     0xFFBF     0xFFBF   .absSeg1
MCUinit_asm__ORG00003             50     R     0xFFCE     0xFFFF   .absSeg2
main_asm__ORG00001                10     R     0xF000     0xF009   .absSeg3
CODE_SECT                        193     R     0xE070     0xE130   ROM
.stack                            64   R/W      0x100      0x13F   RAM

Summary of section sizes per section type:
READ_ONLY (R):         16F (dec:      367)
READ_WRITE (R/W):       40 (dec:       64)

*********************************************************************************************
VECTOR-ALLOCATION SECTION
    Address     InitValue   InitFunction
---------------------------------------------------------------------------------------------

*********************************************************************************************
OBJECT-ALLOCATION SECTION
     Name               Module                 Addr   hSize   dSize     Ref    Section   RLIB
---------------------------------------------------------------------------------------------
MODULE:                 -- MCUinit_asm.obj --
- PROCEDURES:
     MCU_init                                  E070      29      41       1   CODE_SECT   
     SkipTrim                                  E099       6       6       0   CODE_SECT   
     while_Cpu0                                E09F       9       9       0   CODE_SECT   
     whileVal_Cpu0                             E0A8      55      85       0   CODE_SECT   
     isrVkeyboard                              E0FD       4       4       1   CODE_SECT   
     Boucle2                                   E101       3       3       0   CODE_SECT   
     Boucle1                                   E104      20      32       0   CODE_SECT   
     START_STOP                                E124       C      12       0   CODE_SECT   
     isrVlvd                                   E130       1       1       1   CODE_SECT   
- VARIABLES:
     VAR00001                                  FFBD       1       1       0   .text       
     VAR00002                                  FFBF       1       1       0   .text       
     VAR00003                                  FFCE       2       2       0   .text       
     VAR00004                                  FFD0       2       2       0   .text       
     VAR00005                                  FFD2       2       2       0   .text       
     VAR00006                                  FFD4       2       2       0   .text       
     VAR00007                                  FFD6       2       2       0   .text       
     VAR00008                                  FFD8       2       2       0   .text       
     VAR00009                                  FFDA       2       2       0   .text       
     VAR00010                                  FFDC       2       2       0   .text       
     VAR00011                                  FFDE       2       2       0   .text       
     VAR00012                                  FFE0       2       2       0   .text       
     VAR00013                                  FFE2       2       2       0   .text       
     VAR00014                                  FFE4       2       2       0   .text       
     VAR00015                                  FFE6       2       2       0   .text       
     VAR00016                                  FFE8       2       2       0   .text       
     VAR00017                                  FFEA       2       2       0   .text       
     VAR00018                                  FFEC       2       2       0   .text       
     VAR00019                                  FFEE       2       2       0   .text       
     VAR00020                                  FFF0       2       2       0   .text       
     VAR00021                                  FFF2       2       2       0   .text       
     VAR00022                                  FFF4       2       2       0   .text       
     VAR00023                                  FFF6       2       2       0   .text       
     VAR00024                                  FFF8       2       2       0   .text       
     VAR00025                                  FFFA       2       2       0   .text       
     VAR00026                                  FFFC       2       2       0   .text       
     VAR00027                                  FFFE       2       2       0   .text       
MODULE:                 -- main_asm.obj --
- PROCEDURES:
     _Startup                                  E000       D      13       1   .init       
     main                                      E000       0       0       0   .init       
     Restart                                   E00D       7       7       0   .init       
     Retour                                    E014       3       3       0   .init       
     maintient                                 E017      22      34       0   .init       
     START                                     E039      1C      28       0   .init       
     TR1                                       E055       7       7       1   .init       
     TR2                                       E05C       7       7       1   .init       
     Delai                                     E063       3       3       2   .init       
     R1                                        E066       A      10       0   .init       
- VARIABLES:
     VAR00001                                  F000       A      10       0   .text       
- LABELS:
     __SEG_END_SSTACK                           140       0       0       1               

*********************************************************************************************
MODULE STATISTIC
  Name                                      Data   Code  Const
---------------------------------------------------------------------------------------------
  MCUinit_asm.obj                              0    193     52
  main_asm.obj                                 0    112     10
  other                                       64      0      0

*********************************************************************************************
SECTION USE IN OBJECT-ALLOCATION SECTION
---------------------------------------------------------------------------------------------
SECTION: ".text"
  VAR00001 VAR00001 VAR00002 VAR00003 VAR00004 VAR00005 VAR00006 VAR00007 
  VAR00008 VAR00009 VAR00010 VAR00011 VAR00012 VAR00013 VAR00014 VAR00015 
  VAR00016 VAR00017 VAR00018 VAR00019 VAR00020 VAR00021 VAR00022 VAR00023 
  VAR00024 VAR00025 VAR00026 VAR00027 
SECTION: ".init"
  main _Startup Restart Retour maintient START TR1 TR2 Delai R1 
SECTION: "CODE_SECT"
  MCU_init SkipTrim while_Cpu0 whileVal_Cpu0 isrVkeyboard Boucle2 Boucle1 
  START_STOP isrVlvd 

*********************************************************************************************
OBJECT LIST SORTED BY ADDRESS
     Name                                      Addr   hSize   dSize     Ref    Section   RLIB
---------------------------------------------------------------------------------------------
     main                                      E000       0       0       0   .init       
     _Startup                                  E000       D      13       1   .init       
     Restart                                   E00D       7       7       0   .init       
     Retour                                    E014       3       3       0   .init       
     maintient                                 E017      22      34       0   .init       
     START                                     E039      1C      28       0   .init       
     TR1                                       E055       7       7       1   .init       
     TR2                                       E05C       7       7       1   .init       
     Delai                                     E063       3       3       2   .init       
     R1                                        E066       A      10       0   .init       
     MCU_init                                  E070      29      41       1   CODE_SECT   
     SkipTrim                                  E099       6       6       0   CODE_SECT   
     while_Cpu0                                E09F       9       9       0   CODE_SECT   
     whileVal_Cpu0                             E0A8      55      85       0   CODE_SECT   
     isrVkeyboard                              E0FD       4       4       1   CODE_SECT   
     Boucle2                                   E101       3       3       0   CODE_SECT   
     Boucle1                                   E104      20      32       0   CODE_SECT   
     START_STOP                                E124       C      12       0   CODE_SECT   
     isrVlvd                                   E130       1       1       1   CODE_SECT   
     VAR00001                                  F000       A      10       0   .text       
     VAR00001                                  FFBD       1       1       0   .text       
     VAR00002                                  FFBF       1       1       0   .text       
     VAR00003                                  FFCE       2       2       0   .text       
     VAR00004                                  FFD0       2       2       0   .text       
     VAR00005                                  FFD2       2       2       0   .text       
     VAR00006                                  FFD4       2       2       0   .text       
     VAR00007                                  FFD6       2       2       0   .text       
     VAR00008                                  FFD8       2       2       0   .text       
     VAR00009                                  FFDA       2       2       0   .text       
     VAR00010                                  FFDC       2       2       0   .text       
     VAR00011                                  FFDE       2       2       0   .text       
     VAR00012                                  FFE0       2       2       0   .text       
     VAR00013                                  FFE2       2       2       0   .text       
     VAR00014                                  FFE4       2       2       0   .text       
     VAR00015                                  FFE6       2       2       0   .text       
     VAR00016                                  FFE8       2       2       0   .text       
     VAR00017                                  FFEA       2       2       0   .text       
     VAR00018                                  FFEC       2       2       0   .text       
     VAR00019                                  FFEE       2       2       0   .text       
     VAR00020                                  FFF0       2       2       0   .text       
     VAR00021                                  FFF2       2       2       0   .text       
     VAR00022                                  FFF4       2       2       0   .text       
     VAR00023                                  FFF6       2       2       0   .text       
     VAR00024                                  FFF8       2       2       0   .text       
     VAR00025                                  FFFA       2       2       0   .text       
     VAR00026                                  FFFC       2       2       0   .text       
     VAR00027                                  FFFE       2       2       0   .text       

*********************************************************************************************
UNUSED-OBJECTS SECTION
---------------------------------------------------------------------------------------------

*********************************************************************************************
COPYDOWN SECTION
---------------------------------------------------------------------------------------------

*********************************************************************************************
OBJECT-DEPENDENCIES SECTION
---------------------------------------------------------------------------------------------
_Startup                  USES __SEG_END_SSTACK MCU_init 
maintient                 USES TR1 TR2 
TR1                       USES Delai 
TR2                       USES Delai 

*********************************************************************************************
DEPENDENCY TREE
*********************************************************************************************
 main and _Startup Group
 | 
 +- main                
 |    
 +- _Startup            
    | 
    +- MCU_init            
         
 _ORG00003           
 | 
 +- isrVkeyboard        
 |    
 +- isrVlvd             
 |    
 +- _Startup             (see above)
    
*********************************************************************************************
STATISTIC SECTION
---------------------------------------------------------------------------------------------

ExeFile:
--------
Number of blocks to be downloaded: 5
Total size of all blocks to be downloaded: 367

