*** EVALUATION ***
PROGRAM "Projet_Moteur_Holonome.abs"

*********************************************************************************************
TARGET SECTION
---------------------------------------------------------------------------------------------
Processor   : Freescale HC08
Memory Model: SMALL
File Format : ELF\DWARF 2.0
Linker      : SmartLinker V-5.0.51 Build 14019, Jan 20 2014

*********************************************************************************************
FILE SECTION
---------------------------------------------------------------------------------------------
main_c.obj                              Model: SMALL,         Lang: ANSI-C
start08_c.obj                           Model: SMALL,         Lang: ANSI-C
mc9s08qe8_c.obj                         Model: SMALL,         Lang: ANSI-C

*********************************************************************************************
STARTUP SECTION
---------------------------------------------------------------------------------------------
Entry point: 0xE07B (_Startup)
_startupData is allocated at 0xE084 and uses 6 Bytes
extern struct _tagStartup {
  unsigned nofZeroOut     0
  _Copy    *toCopyDownBeg 0xE0CB
} _startupData;

*********************************************************************************************
SECTION-ALLOCATION SECTION
Section Name                    Size  Type     From       To       Segment
---------------------------------------------------------------------------------------------
.init                            132     R     0xE000     0xE083   ROM
.startData                        14     R     0xE084     0xE091   ROM
.text                             57     R     0xE092     0xE0CA   ROM
.copy                              2     R     0xE0CB     0xE0CC   ROM
.abs_section_0                     1   N/I        0x0        0x0   .absSeg0
.abs_section_1                     1   N/I        0x1        0x1   .absSeg1
.abs_section_2                     1   N/I        0x2        0x2   .absSeg2
.abs_section_3                     1   N/I        0x3        0x3   .absSeg3
.abs_section_4                     1   N/I        0x4        0x4   .absSeg4
.abs_section_5                     1   N/I        0x5        0x5   .absSeg5
.abs_section_6                     1   N/I        0x6        0x6   .absSeg6
.abs_section_7                     1   N/I        0x7        0x7   .absSeg7
.abs_section_c                     1   N/I        0xC        0xC   .absSeg8
.abs_section_d                     1   N/I        0xD        0xD   .absSeg9
.abs_section_e                     1   N/I        0xE        0xE   .absSeg10
.abs_section_f                     1   N/I        0xF        0xF   .absSeg11
.abs_section_10                    1   N/I       0x10       0x10   .absSeg12
.abs_section_11                    1   N/I       0x11       0x11   .absSeg13
.abs_section_16                    1   N/I       0x16       0x16   .absSeg14
.abs_section_17                    1   N/I       0x17       0x17   .absSeg15
.abs_section_18                    1   N/I       0x18       0x18   .absSeg16
.abs_section_1a                    1   N/I       0x1A       0x1A   .absSeg17
.abs_section_1b                    1   N/I       0x1B       0x1B   .absSeg18
.abs_section_22                    1   N/I       0x22       0x22   .absSeg19
.abs_section_23                    1   N/I       0x23       0x23   .absSeg20
.abs_section_24                    1   N/I       0x24       0x24   .absSeg21
.abs_section_25                    1   N/I       0x25       0x25   .absSeg22
.abs_section_26                    1   N/I       0x26       0x26   .absSeg23
.abs_section_27                    1   N/I       0x27       0x27   .absSeg24
.abs_section_28                    1   N/I       0x28       0x28   .absSeg25
.abs_section_29                    1   N/I       0x29       0x29   .absSeg26
.abs_section_2a                    1   N/I       0x2A       0x2A   .absSeg27
.abs_section_2b                    1   N/I       0x2B       0x2B   .absSeg28
.abs_section_2d                    1   N/I       0x2D       0x2D   .absSeg29
.abs_section_30                    1   N/I       0x30       0x30   .absSeg30
.abs_section_31                    1   N/I       0x31       0x31   .absSeg31
.abs_section_32                    1   N/I       0x32       0x32   .absSeg32
.abs_section_33                    1   N/I       0x33       0x33   .absSeg33
.abs_section_34                    1   N/I       0x34       0x34   .absSeg34
.abs_section_35                    1   N/I       0x35       0x35   .absSeg35
.abs_section_38                    1   N/I       0x38       0x38   .absSeg36
.abs_section_39                    1   N/I       0x39       0x39   .absSeg37
.abs_section_3a                    1   N/I       0x3A       0x3A   .absSeg38
.abs_section_3b                    1   N/I       0x3B       0x3B   .absSeg39
.abs_section_40                    1   N/I       0x40       0x40   .absSeg40
.abs_section_45                    1   N/I       0x45       0x45   .absSeg41
.abs_section_48                    1   N/I       0x48       0x48   .absSeg42
.abs_section_4b                    1   N/I       0x4B       0x4B   .absSeg43
.abs_section_50                    1   N/I       0x50       0x50   .absSeg44
.abs_section_55                    1   N/I       0x55       0x55   .absSeg45
.abs_section_58                    1   N/I       0x58       0x58   .absSeg46
.abs_section_5b                    1   N/I       0x5B       0x5B   .absSeg47
.abs_section_1800                  1   N/I     0x1800     0x1800   .absSeg48
.abs_section_1801                  1   N/I     0x1801     0x1801   .absSeg49
.abs_section_1802                  1   N/I     0x1802     0x1802   .absSeg50
.abs_section_1803                  1   N/I     0x1803     0x1803   .absSeg51
.abs_section_1808                  1   N/I     0x1808     0x1808   .absSeg52
.abs_section_1809                  1   N/I     0x1809     0x1809   .absSeg53
.abs_section_180b                  1   N/I     0x180B     0x180B   .absSeg54
.abs_section_180e                  1   N/I     0x180E     0x180E   .absSeg55
.abs_section_180f                  1   N/I     0x180F     0x180F   .absSeg56
.abs_section_1818                  1   N/I     0x1818     0x1818   .absSeg57
.abs_section_1819                  1   N/I     0x1819     0x1819   .absSeg58
.abs_section_181a                  1   N/I     0x181A     0x181A   .absSeg59
.abs_section_181c                  1   N/I     0x181C     0x181C   .absSeg60
.abs_section_181d                  1   N/I     0x181D     0x181D   .absSeg61
.abs_section_181e                  1   N/I     0x181E     0x181E   .absSeg62
.abs_section_181f                  1   N/I     0x181F     0x181F   .absSeg63
.abs_section_1820                  1   N/I     0x1820     0x1820   .absSeg64
.abs_section_1821                  1   N/I     0x1821     0x1821   .absSeg65
.abs_section_1823                  1   N/I     0x1823     0x1823   .absSeg66
.abs_section_1824                  1   N/I     0x1824     0x1824   .absSeg67
.abs_section_1825                  1   N/I     0x1825     0x1825   .absSeg68
.abs_section_1826                  1   N/I     0x1826     0x1826   .absSeg69
.abs_section_1830                  1   N/I     0x1830     0x1830   .absSeg70
.abs_section_1831                  1   N/I     0x1831     0x1831   .absSeg71
.abs_section_1832                  1   N/I     0x1832     0x1832   .absSeg72
.abs_section_1840                  1   N/I     0x1840     0x1840   .absSeg73
.abs_section_1841                  1   N/I     0x1841     0x1841   .absSeg74
.abs_section_1842                  1   N/I     0x1842     0x1842   .absSeg75
.abs_section_1844                  1   N/I     0x1844     0x1844   .absSeg76
.abs_section_1845                  1   N/I     0x1845     0x1845   .absSeg77
.abs_section_1846                  1   N/I     0x1846     0x1846   .absSeg78
.abs_section_1848                  1   N/I     0x1848     0x1848   .absSeg79
.abs_section_1849                  1   N/I     0x1849     0x1849   .absSeg80
.abs_section_184a                  1   N/I     0x184A     0x184A   .absSeg81
.abs_section_184c                  1   N/I     0x184C     0x184C   .absSeg82
.abs_section_184d                  1   N/I     0x184D     0x184D   .absSeg83
.abs_section_184e                  1   N/I     0x184E     0x184E   .absSeg84
.abs_section_12                    2   N/I       0x12       0x13   .absSeg85
.abs_section_14                    2   N/I       0x14       0x15   .absSeg86
.abs_section_20                    2   N/I       0x20       0x21   .absSeg87
.abs_section_41                    2   N/I       0x41       0x42   .absSeg88
.abs_section_43                    2   N/I       0x43       0x44   .absSeg89
.abs_section_46                    2   N/I       0x46       0x47   .absSeg90
.abs_section_49                    2   N/I       0x49       0x4A   .absSeg91
.abs_section_4c                    2   N/I       0x4C       0x4D   .absSeg92
.abs_section_51                    2   N/I       0x51       0x52   .absSeg93
.abs_section_53                    2   N/I       0x53       0x54   .absSeg94
.abs_section_56                    2   N/I       0x56       0x57   .absSeg95
.abs_section_59                    2   N/I       0x59       0x5A   .absSeg96
.abs_section_5c                    2   N/I       0x5C       0x5D   .absSeg97
.abs_section_1806                  2   N/I     0x1806     0x1807   .absSeg98
.abs_section_1810                  2   N/I     0x1810     0x1811   .absSeg99
.abs_section_1812                  2   N/I     0x1812     0x1813   .absSeg100
.abs_section_1814                  2   N/I     0x1814     0x1815   .absSeg101
.abs_section_1816                  2   N/I     0x1816     0x1817   .absSeg102
.stack                            64   R/W      0x100      0x13F   RAM
.vectSeg103_vect                   2     R     0xFFFE     0xFFFF   .vectSeg103

Summary of section sizes per section type:
READ_ONLY (R):          CF (dec:      207)
READ_WRITE (R/W):       40 (dec:       64)
NO_INIT (N/I):          79 (dec:      121)

*********************************************************************************************
VECTOR-ALLOCATION SECTION
    Address     InitValue   InitFunction
---------------------------------------------------------------------------------------------
     0xFFFE        0xE07B   _Startup

*********************************************************************************************
OBJECT-ALLOCATION SECTION
     Name               Module                 Addr   hSize   dSize     Ref    Section   RLIB
---------------------------------------------------------------------------------------------
MODULE:                 -- main_c.obj --
- PROCEDURES:
     main                                      E092      39      57       1   .text       
- VARIABLES:
MODULE:                 -- start08_c.obj --
- PROCEDURES:
     loadByte                                  E000       E      14       5   .init       
     Init                                      E00E      6D     109       1   .init       
     _Startup                                  E07B       9       9       0   .init       
- VARIABLES:
     _startupData                              E084       6       6       4   .startData  
- LABELS:
     __SEG_END_SSTACK                           140       0       0       1               
MODULE:                 -- mc9s08qe8_c.obj --
- PROCEDURES:
- VARIABLES:
     _PTAD                                        0       1       1       0   .abs_section_0
     _PTADD                                       1       1       1       0   .abs_section_1
     _PTBD                                        2       1       1       0   .abs_section_2
     _PTBDD                                       3       1       1       0   .abs_section_3
     _PTCD                                        4       1       1       0   .abs_section_4
     _PTCDD                                       5       1       1       0   .abs_section_5
     _PTDD                                        6       1       1       0   .abs_section_6
     _PTDDD                                       7       1       1       0   .abs_section_7
     _KBISC                                       C       1       1       0   .abs_section_c
     _KBIPE                                       D       1       1       0   .abs_section_d
     _KBIES                                       E       1       1       0   .abs_section_e
     _IRQSC                                       F       1       1       0   .abs_section_f
     _ADCSC1                                     10       1       1       0   .abs_section_10
     _ADCSC2                                     11       1       1       0   .abs_section_11
     _ADCCFG                                     16       1       1       0   .abs_section_16
     _APCTL1                                     17       1       1       0   .abs_section_17
     _APCTL2                                     18       1       1       0   .abs_section_18
     _ACMP1SC                                    1A       1       1       0   .abs_section_1a
     _ACMP2SC                                    1B       1       1       0   .abs_section_1b
     _SCIC1                                      22       1       1       0   .abs_section_22
     _SCIC2                                      23       1       1       0   .abs_section_23
     _SCIS1                                      24       1       1       0   .abs_section_24
     _SCIS2                                      25       1       1       0   .abs_section_25
     _SCIC3                                      26       1       1       0   .abs_section_26
     _SCID                                       27       1       1       0   .abs_section_27
     _SPIC1                                      28       1       1       0   .abs_section_28
     _SPIC2                                      29       1       1       0   .abs_section_29
     _SPIBR                                      2A       1       1       0   .abs_section_2a
     _SPIS                                       2B       1       1       0   .abs_section_2b
     _SPID                                       2D       1       1       0   .abs_section_2d
     _IICA                                       30       1       1       0   .abs_section_30
     _IICF                                       31       1       1       0   .abs_section_31
     _IICC1                                      32       1       1       0   .abs_section_32
     _IICS                                       33       1       1       0   .abs_section_33
     _IICD                                       34       1       1       0   .abs_section_34
     _IICC2                                      35       1       1       0   .abs_section_35
     _ICSC1                                      38       1       1       0   .abs_section_38
     _ICSC2                                      39       1       1       0   .abs_section_39
     _ICSTRM                                     3A       1       1       0   .abs_section_3a
     _ICSSC                                      3B       1       1       0   .abs_section_3b
     _TPM1SC                                     40       1       1       4   .abs_section_40
     _TPM1C0SC                                   45       1       1       0   .abs_section_45
     _TPM1C1SC                                   48       1       1       4   .abs_section_48
     _TPM1C2SC                                   4B       1       1       4   .abs_section_4b
     _TPM2SC                                     50       1       1       0   .abs_section_50
     _TPM2C0SC                                   55       1       1       0   .abs_section_55
     _TPM2C1SC                                   58       1       1       0   .abs_section_58
     _TPM2C2SC                                   5B       1       1       0   .abs_section_5b
     _SRS                                      1800       1       1       1   .abs_section_1800
     _SBDFR                                    1801       1       1       0   .abs_section_1801
     _SOPT1                                    1802       1       1       0   .abs_section_1802
     _SOPT2                                    1803       1       1       0   .abs_section_1803
     _SPMSC1                                   1808       1       1       0   .abs_section_1808
     _SPMSC2                                   1809       1       1       0   .abs_section_1809
     _SPMSC3                                   180B       1       1       0   .abs_section_180b
     _SCGC1                                    180E       1       1       0   .abs_section_180e
     _SCGC2                                    180F       1       1       0   .abs_section_180f
     _DBGCAX                                   1818       1       1       0   .abs_section_1818
     _DBGCBX                                   1819       1       1       0   .abs_section_1819
     _DBGCCX                                   181A       1       1       0   .abs_section_181a
     _DBGC                                     181C       1       1       0   .abs_section_181c
     _DBGT                                     181D       1       1       0   .abs_section_181d
     _DBGS                                     181E       1       1       0   .abs_section_181e
     _DBGCNT                                   181F       1       1       0   .abs_section_181f
     _FCDIV                                    1820       1       1       0   .abs_section_1820
     _FOPT                                     1821       1       1       0   .abs_section_1821
     _FCNFG                                    1823       1       1       0   .abs_section_1823
     _FPROT                                    1824       1       1       0   .abs_section_1824
     _FSTAT                                    1825       1       1       0   .abs_section_1825
     _FCMD                                     1826       1       1       0   .abs_section_1826
     _RTCSC                                    1830       1       1       0   .abs_section_1830
     _RTCCNT                                   1831       1       1       0   .abs_section_1831
     _RTCMOD                                   1832       1       1       0   .abs_section_1832
     _PTAPE                                    1840       1       1       0   .abs_section_1840
     _PTASE                                    1841       1       1       0   .abs_section_1841
     _PTADS                                    1842       1       1       0   .abs_section_1842
     _PTBPE                                    1844       1       1       0   .abs_section_1844
     _PTBSE                                    1845       1       1       0   .abs_section_1845
     _PTBDS                                    1846       1       1       0   .abs_section_1846
     _PTCPE                                    1848       1       1       0   .abs_section_1848
     _PTCSE                                    1849       1       1       0   .abs_section_1849
     _PTCDS                                    184A       1       1       0   .abs_section_184a
     _PTDPE                                    184C       1       1       0   .abs_section_184c
     _PTDSE                                    184D       1       1       0   .abs_section_184d
     _PTDDS                                    184E       1       1       0   .abs_section_184e
     _ADCR                                       12       2       2       0   .abs_section_12
     _ADCCV                                      14       2       2       0   .abs_section_14
     _SCIBD                                      20       2       2       0   .abs_section_20
     _TPM1CNT                                    41       2       2       0   .abs_section_41
     _TPM1MOD                                    43       2       2       0   .abs_section_43
     _TPM1C0V                                    46       2       2       0   .abs_section_46
     _TPM1C1V                                    49       2       2       2   .abs_section_49
     _TPM1C2V                                    4C       2       2       0   .abs_section_4c
     _TPM2CNT                                    51       2       2       0   .abs_section_51
     _TPM2MOD                                    53       2       2       0   .abs_section_53
     _TPM2C0V                                    56       2       2       0   .abs_section_56
     _TPM2C1V                                    59       2       2       0   .abs_section_59
     _TPM2C2V                                    5C       2       2       0   .abs_section_5c
     _SDID                                     1806       2       2       0   .abs_section_1806
     _DBGCA                                    1810       2       2       0   .abs_section_1810
     _DBGCB                                    1812       2       2       0   .abs_section_1812
     _DBGCC                                    1814       2       2       0   .abs_section_1814
     _DBGF                                     1816       2       2       0   .abs_section_1816

*********************************************************************************************
MODULE STATISTIC
  Name                                      Data   Code  Const
---------------------------------------------------------------------------------------------
  main_c.obj                                   0     57      0
  start08_c.obj                                0    132      0
  mc9s08qe8_c.obj                            121      0      0
  other                                       64     16      2

*********************************************************************************************
SECTION USE IN OBJECT-ALLOCATION SECTION
---------------------------------------------------------------------------------------------
SECTION: ".text"
  main 
SECTION: ".init"
  loadByte Init _Startup 
SECTION: ".abs_section_0"
  _PTAD 
SECTION: ".abs_section_1"
  _PTADD 
SECTION: ".abs_section_2"
  _PTBD 
SECTION: ".abs_section_3"
  _PTBDD 
SECTION: ".abs_section_4"
  _PTCD 
SECTION: ".abs_section_5"
  _PTCDD 
SECTION: ".abs_section_6"
  _PTDD 
SECTION: ".abs_section_7"
  _PTDDD 
SECTION: ".abs_section_c"
  _KBISC 
SECTION: ".abs_section_d"
  _KBIPE 
SECTION: ".abs_section_e"
  _KBIES 
SECTION: ".abs_section_f"
  _IRQSC 
SECTION: ".abs_section_10"
  _ADCSC1 
SECTION: ".abs_section_11"
  _ADCSC2 
SECTION: ".abs_section_16"
  _ADCCFG 
SECTION: ".abs_section_17"
  _APCTL1 
SECTION: ".abs_section_18"
  _APCTL2 
SECTION: ".abs_section_1a"
  _ACMP1SC 
SECTION: ".abs_section_1b"
  _ACMP2SC 
SECTION: ".abs_section_22"
  _SCIC1 
SECTION: ".abs_section_23"
  _SCIC2 
SECTION: ".abs_section_24"
  _SCIS1 
SECTION: ".abs_section_25"
  _SCIS2 
SECTION: ".abs_section_26"
  _SCIC3 
SECTION: ".abs_section_27"
  _SCID 
SECTION: ".abs_section_28"
  _SPIC1 
SECTION: ".abs_section_29"
  _SPIC2 
SECTION: ".abs_section_2a"
  _SPIBR 
SECTION: ".abs_section_2b"
  _SPIS 
SECTION: ".abs_section_2d"
  _SPID 
SECTION: ".abs_section_30"
  _IICA 
SECTION: ".abs_section_31"
  _IICF 
SECTION: ".abs_section_32"
  _IICC1 
SECTION: ".abs_section_33"
  _IICS 
SECTION: ".abs_section_34"
  _IICD 
SECTION: ".abs_section_35"
  _IICC2 
SECTION: ".abs_section_38"
  _ICSC1 
SECTION: ".abs_section_39"
  _ICSC2 
SECTION: ".abs_section_3a"
  _ICSTRM 
SECTION: ".abs_section_3b"
  _ICSSC 
SECTION: ".abs_section_40"
  _TPM1SC 
SECTION: ".abs_section_45"
  _TPM1C0SC 
SECTION: ".abs_section_48"
  _TPM1C1SC 
SECTION: ".abs_section_4b"
  _TPM1C2SC 
SECTION: ".abs_section_50"
  _TPM2SC 
SECTION: ".abs_section_55"
  _TPM2C0SC 
SECTION: ".abs_section_58"
  _TPM2C1SC 
SECTION: ".abs_section_5b"
  _TPM2C2SC 
SECTION: ".abs_section_1800"
  _SRS 
SECTION: ".abs_section_1801"
  _SBDFR 
SECTION: ".abs_section_1802"
  _SOPT1 
SECTION: ".abs_section_1803"
  _SOPT2 
SECTION: ".abs_section_1808"
  _SPMSC1 
SECTION: ".abs_section_1809"
  _SPMSC2 
SECTION: ".abs_section_180b"
  _SPMSC3 
SECTION: ".abs_section_180e"
  _SCGC1 
SECTION: ".abs_section_180f"
  _SCGC2 
SECTION: ".abs_section_1818"
  _DBGCAX 
SECTION: ".abs_section_1819"
  _DBGCBX 
SECTION: ".abs_section_181a"
  _DBGCCX 
SECTION: ".abs_section_181c"
  _DBGC 
SECTION: ".abs_section_181d"
  _DBGT 
SECTION: ".abs_section_181e"
  _DBGS 
SECTION: ".abs_section_181f"
  _DBGCNT 
SECTION: ".abs_section_1820"
  _FCDIV 
SECTION: ".abs_section_1821"
  _FOPT 
SECTION: ".abs_section_1823"
  _FCNFG 
SECTION: ".abs_section_1824"
  _FPROT 
SECTION: ".abs_section_1825"
  _FSTAT 
SECTION: ".abs_section_1826"
  _FCMD 
SECTION: ".abs_section_1830"
  _RTCSC 
SECTION: ".abs_section_1831"
  _RTCCNT 
SECTION: ".abs_section_1832"
  _RTCMOD 
SECTION: ".abs_section_1840"
  _PTAPE 
SECTION: ".abs_section_1841"
  _PTASE 
SECTION: ".abs_section_1842"
  _PTADS 
SECTION: ".abs_section_1844"
  _PTBPE 
SECTION: ".abs_section_1845"
  _PTBSE 
SECTION: ".abs_section_1846"
  _PTBDS 
SECTION: ".abs_section_1848"
  _PTCPE 
SECTION: ".abs_section_1849"
  _PTCSE 
SECTION: ".abs_section_184a"
  _PTCDS 
SECTION: ".abs_section_184c"
  _PTDPE 
SECTION: ".abs_section_184d"
  _PTDSE 
SECTION: ".abs_section_184e"
  _PTDDS 
SECTION: ".abs_section_12"
  _ADCR 
SECTION: ".abs_section_14"
  _ADCCV 
SECTION: ".abs_section_20"
  _SCIBD 
SECTION: ".abs_section_41"
  _TPM1CNT 
SECTION: ".abs_section_43"
  _TPM1MOD 
SECTION: ".abs_section_46"
  _TPM1C0V 
SECTION: ".abs_section_49"
  _TPM1C1V 
SECTION: ".abs_section_4c"
  _TPM1C2V 
SECTION: ".abs_section_51"
  _TPM2CNT 
SECTION: ".abs_section_53"
  _TPM2MOD 
SECTION: ".abs_section_56"
  _TPM2C0V 
SECTION: ".abs_section_59"
  _TPM2C1V 
SECTION: ".abs_section_5c"
  _TPM2C2V 
SECTION: ".abs_section_1806"
  _SDID 
SECTION: ".abs_section_1810"
  _DBGCA 
SECTION: ".abs_section_1812"
  _DBGCB 
SECTION: ".abs_section_1814"
  _DBGCC 
SECTION: ".abs_section_1816"
  _DBGF 

*********************************************************************************************
OBJECT LIST SORTED BY ADDRESS
     Name                                      Addr   hSize   dSize     Ref    Section   RLIB
---------------------------------------------------------------------------------------------
     _PTAD                                        0       1       1       0   .abs_section_0
     _PTADD                                       1       1       1       0   .abs_section_1
     _PTBD                                        2       1       1       0   .abs_section_2
     _PTBDD                                       3       1       1       0   .abs_section_3
     _PTCD                                        4       1       1       0   .abs_section_4
     _PTCDD                                       5       1       1       0   .abs_section_5
     _PTDD                                        6       1       1       0   .abs_section_6
     _PTDDD                                       7       1       1       0   .abs_section_7
     _KBISC                                       C       1       1       0   .abs_section_c
     _KBIPE                                       D       1       1       0   .abs_section_d
     _KBIES                                       E       1       1       0   .abs_section_e
     _IRQSC                                       F       1       1       0   .abs_section_f
     _ADCSC1                                     10       1       1       0   .abs_section_10
     _ADCSC2                                     11       1       1       0   .abs_section_11
     _ADCR                                       12       2       2       0   .abs_section_12
     _ADCCV                                      14       2       2       0   .abs_section_14
     _ADCCFG                                     16       1       1       0   .abs_section_16
     _APCTL1                                     17       1       1       0   .abs_section_17
     _APCTL2                                     18       1       1       0   .abs_section_18
     _ACMP1SC                                    1A       1       1       0   .abs_section_1a
     _ACMP2SC                                    1B       1       1       0   .abs_section_1b
     _SCIBD                                      20       2       2       0   .abs_section_20
     _SCIC1                                      22       1       1       0   .abs_section_22
     _SCIC2                                      23       1       1       0   .abs_section_23
     _SCIS1                                      24       1       1       0   .abs_section_24
     _SCIS2                                      25       1       1       0   .abs_section_25
     _SCIC3                                      26       1       1       0   .abs_section_26
     _SCID                                       27       1       1       0   .abs_section_27
     _SPIC1                                      28       1       1       0   .abs_section_28
     _SPIC2                                      29       1       1       0   .abs_section_29
     _SPIBR                                      2A       1       1       0   .abs_section_2a
     _SPIS                                       2B       1       1       0   .abs_section_2b
     _SPID                                       2D       1       1       0   .abs_section_2d
     _IICA                                       30       1       1       0   .abs_section_30
     _IICF                                       31       1       1       0   .abs_section_31
     _IICC1                                      32       1       1       0   .abs_section_32
     _IICS                                       33       1       1       0   .abs_section_33
     _IICD                                       34       1       1       0   .abs_section_34
     _IICC2                                      35       1       1       0   .abs_section_35
     _ICSC1                                      38       1       1       0   .abs_section_38
     _ICSC2                                      39       1       1       0   .abs_section_39
     _ICSTRM                                     3A       1       1       0   .abs_section_3a
     _ICSSC                                      3B       1       1       0   .abs_section_3b
     _TPM1SC                                     40       1       1       4   .abs_section_40
     _TPM1CNT                                    41       2       2       0   .abs_section_41
     _TPM1MOD                                    43       2       2       0   .abs_section_43
     _TPM1C0SC                                   45       1       1       0   .abs_section_45
     _TPM1C0V                                    46       2       2       0   .abs_section_46
     _TPM1C1SC                                   48       1       1       4   .abs_section_48
     _TPM1C1V                                    49       2       2       2   .abs_section_49
     _TPM1C2SC                                   4B       1       1       4   .abs_section_4b
     _TPM1C2V                                    4C       2       2       0   .abs_section_4c
     _TPM2SC                                     50       1       1       0   .abs_section_50
     _TPM2CNT                                    51       2       2       0   .abs_section_51
     _TPM2MOD                                    53       2       2       0   .abs_section_53
     _TPM2C0SC                                   55       1       1       0   .abs_section_55
     _TPM2C0V                                    56       2       2       0   .abs_section_56
     _TPM2C1SC                                   58       1       1       0   .abs_section_58
     _TPM2C1V                                    59       2       2       0   .abs_section_59
     _TPM2C2SC                                   5B       1       1       0   .abs_section_5b
     _TPM2C2V                                    5C       2       2       0   .abs_section_5c
     _SRS                                      1800       1       1       1   .abs_section_1800
     _SBDFR                                    1801       1       1       0   .abs_section_1801
     _SOPT1                                    1802       1       1       0   .abs_section_1802
     _SOPT2                                    1803       1       1       0   .abs_section_1803
     _SDID                                     1806       2       2       0   .abs_section_1806
     _SPMSC1                                   1808       1       1       0   .abs_section_1808
     _SPMSC2                                   1809       1       1       0   .abs_section_1809
     _SPMSC3                                   180B       1       1       0   .abs_section_180b
     _SCGC1                                    180E       1       1       0   .abs_section_180e
     _SCGC2                                    180F       1       1       0   .abs_section_180f
     _DBGCA                                    1810       2       2       0   .abs_section_1810
     _DBGCB                                    1812       2       2       0   .abs_section_1812
     _DBGCC                                    1814       2       2       0   .abs_section_1814
     _DBGF                                     1816       2       2       0   .abs_section_1816
     _DBGCAX                                   1818       1       1       0   .abs_section_1818
     _DBGCBX                                   1819       1       1       0   .abs_section_1819
     _DBGCCX                                   181A       1       1       0   .abs_section_181a
     _DBGC                                     181C       1       1       0   .abs_section_181c
     _DBGT                                     181D       1       1       0   .abs_section_181d
     _DBGS                                     181E       1       1       0   .abs_section_181e
     _DBGCNT                                   181F       1       1       0   .abs_section_181f
     _FCDIV                                    1820       1       1       0   .abs_section_1820
     _FOPT                                     1821       1       1       0   .abs_section_1821
     _FCNFG                                    1823       1       1       0   .abs_section_1823
     _FPROT                                    1824       1       1       0   .abs_section_1824
     _FSTAT                                    1825       1       1       0   .abs_section_1825
     _FCMD                                     1826       1       1       0   .abs_section_1826
     _RTCSC                                    1830       1       1       0   .abs_section_1830
     _RTCCNT                                   1831       1       1       0   .abs_section_1831
     _RTCMOD                                   1832       1       1       0   .abs_section_1832
     _PTAPE                                    1840       1       1       0   .abs_section_1840
     _PTASE                                    1841       1       1       0   .abs_section_1841
     _PTADS                                    1842       1       1       0   .abs_section_1842
     _PTBPE                                    1844       1       1       0   .abs_section_1844
     _PTBSE                                    1845       1       1       0   .abs_section_1845
     _PTBDS                                    1846       1       1       0   .abs_section_1846
     _PTCPE                                    1848       1       1       0   .abs_section_1848
     _PTCSE                                    1849       1       1       0   .abs_section_1849
     _PTCDS                                    184A       1       1       0   .abs_section_184a
     _PTDPE                                    184C       1       1       0   .abs_section_184c
     _PTDSE                                    184D       1       1       0   .abs_section_184d
     _PTDDS                                    184E       1       1       0   .abs_section_184e
     loadByte                                  E000       E      14       5   .init       
     Init                                      E00E      6D     109       1   .init       
     _Startup                                  E07B       9       9       0   .init       
     main                                      E092      39      57       1   .text       

*********************************************************************************************
UNUSED-OBJECTS SECTION
---------------------------------------------------------------------------------------------

*********************************************************************************************
COPYDOWN SECTION
---------------------------------------------------------------------------------------------
------- ROM-ADDRESS: 0xE0CB ---- SIZE       2 ---
Filling bytes inserted
 0000

*********************************************************************************************
OBJECT-DEPENDENCIES SECTION
---------------------------------------------------------------------------------------------
Init                      USES _startupData loadByte 
_Startup                  USES __SEG_END_SSTACK Init main 
main                      USES _SRS _TPM1SC _TPM1C1SC _TPM1C2SC _TPM1C1V 

*********************************************************************************************
DEPENDENCY TREE
*********************************************************************************************
 main and _Startup Group
 | 
 +- main                
 |    
 +- _Startup            
    | 
    +- Init                
    |  | 
    |  +- loadByte            
    |       
    +- main                 (see above)
       
*********************************************************************************************
STATISTIC SECTION
---------------------------------------------------------------------------------------------

ExeFile:
--------
Number of blocks to be downloaded: 4
Total size of all blocks to be downloaded: 207

